// Jest Snapshot v1, https://goo.gl/fbAQLP

exports[`Test SYNC light items 1`] = `
Object {
  "devices": Array [
    Object {
      "attributes": Object {},
      "customData": Object {
        "itemTag": "Lighting",
        "itemType": "Switch",
        "openhabVersion": "2.4.0",
      },
      "deviceInfo": Object {
        "hwVersion": "2.4.0",
        "manufacturer": "openHAB",
        "model": "Lighting",
        "swVersion": "2.4.0",
      },
      "id": "MySwitch",
      "name": Object {
        "name": "SwitchLight",
      },
      "traits": Array [
        "action.devices.traits.OnOff",
      ],
      "type": "action.devices.types.LIGHT",
      "willReportState": false,
    },
    Object {
      "attributes": Object {},
      "customData": Object {
        "itemTag": "Lighting",
        "itemType": "Dimmer",
        "openhabVersion": "2.4.0",
      },
      "deviceInfo": Object {
        "hwVersion": "2.4.0",
        "manufacturer": "openHAB",
        "model": "Lighting",
        "swVersion": "2.4.0",
      },
      "id": "MyDimmer",
      "name": Object {
        "name": "DimmLight",
      },
      "traits": Array [
        "action.devices.traits.OnOff",
        "action.devices.traits.Brightness",
      ],
      "type": "action.devices.types.LIGHT",
      "willReportState": false,
    },
    Object {
      "attributes": Object {
        "colorModel": "hsv",
      },
      "customData": Object {
        "itemTag": "Lighting",
        "itemType": "Color",
        "openhabVersion": "2.4.0",
      },
      "deviceInfo": Object {
        "hwVersion": "2.4.0",
        "manufacturer": "openHAB",
        "model": "Lighting",
        "swVersion": "2.4.0",
      },
      "id": "MyLight",
      "name": Object {
        "name": "ColorLight",
      },
      "traits": Array [
        "action.devices.traits.OnOff",
        "action.devices.traits.Brightness",
        "action.devices.traits.ColorSetting",
      ],
      "type": "action.devices.types.LIGHT",
      "willReportState": false,
    },
    Object {
      "attributes": Object {},
      "customData": Object {
        "itemTag": "Lighting",
        "itemType": "Group",
        "openhabVersion": "2.4.0",
      },
      "deviceInfo": Object {
        "hwVersion": "2.4.0",
        "manufacturer": "openHAB",
        "model": "Lighting",
        "swVersion": "2.4.0",
      },
      "id": "MyLightGroup",
      "name": Object {
        "name": "GroupLight",
      },
      "traits": Array [
        "action.devices.traits.OnOff",
      ],
      "type": "action.devices.types.LIGHT",
      "willReportState": false,
    },
    Object {
      "attributes": Object {},
      "customData": Object {
        "itemTag": "Lighting",
        "itemType": "Group",
        "openhabVersion": "2.4.0",
      },
      "deviceInfo": Object {
        "hwVersion": "2.4.0",
        "manufacturer": "openHAB",
        "model": "Lighting",
        "swVersion": "2.4.0",
      },
      "id": "MyDimmerGroup",
      "name": Object {
        "name": "GroupDimmer",
      },
      "traits": Array [
        "action.devices.traits.OnOff",
        "action.devices.traits.Brightness",
      ],
      "type": "action.devices.types.LIGHT",
      "willReportState": false,
    },
    Object {
      "attributes": Object {
        "colorModel": "hsv",
      },
      "customData": Object {
        "itemTag": "Lighting",
        "itemType": "Group",
        "openhabVersion": "2.4.0",
      },
      "deviceInfo": Object {
        "hwVersion": "2.4.0",
        "manufacturer": "openHAB",
        "model": "Lighting",
        "swVersion": "2.4.0",
      },
      "id": "MyColorGroup",
      "name": Object {
        "name": "GroupColor",
      },
      "traits": Array [
        "action.devices.traits.OnOff",
        "action.devices.traits.Brightness",
        "action.devices.traits.ColorSetting",
      ],
      "type": "action.devices.types.LIGHT",
      "willReportState": false,
    },
  ],
}
`;
